
Memory Configuration

Name             Origin             Length             Attributes
FLASH            0x08000000         0x20000000         xr
SRAM             0x20000000         0x20000000         xrw
*default*        0x00000000         0xffffffff

Linker script and memory map


.text           0x08000000      0x12c
 *(.vectors*)
 .vectors       0x08000000       0x10 startup.o
                0x08000000                global_pointer_to_function
 *(.text*)
 .text          0x08000010       0x8c main.o
                0x08000010                main
 .text          0x0800009c       0x90 startup.o
                0x0800009c                H_fault_Handler
                0x0800009c                Default_Handler
                0x0800009c                NMI_Handler
                0x080000a8                Reset_Handler
 *(.rodata*)
                0x0800012c                _E_TEXT = .

.glue_7         0x0800012c        0x0
 .glue_7        0x0800012c        0x0 linker stubs

.glue_7t        0x0800012c        0x0
 .glue_7t       0x0800012c        0x0 linker stubs

.vfp11_veneer   0x0800012c        0x0
 .vfp11_veneer  0x0800012c        0x0 linker stubs

.v4_bx          0x0800012c        0x0
 .v4_bx         0x0800012c        0x0 linker stubs

.iplt           0x0800012c        0x0
 .iplt          0x0800012c        0x0 main.o

.rel.dyn        0x0800012c        0x0
 .rel.iplt      0x0800012c        0x0 main.o

.data           0x20000000        0x0 load address 0x0800012c
                0x20000000                _S_DATA = .
 *(.data*)
 .data          0x20000000        0x0 main.o
 .data          0x20000000        0x0 startup.o
                0x20000000                _E_DATA = .

.igot.plt       0x20000000        0x0 load address 0x0800012c
 .igot.plt      0x20000000        0x0 main.o

.bss            0x20000000      0x400 load address 0x0800012c
                0x20000000                _S_BSS = .
 *(.bss*)
 .bss           0x20000000        0x0 main.o
 .bss           0x20000000      0x400 startup.o
                0x20000400                _E_BSS = .
LOAD main.o
LOAD startup.o
OUTPUT(learn-in-depth-cortex-m4.elf elf32-littlearm)

.debug_info     0x00000000      0x22a
 .debug_info    0x00000000       0x71 main.o
 .debug_info    0x00000071      0x1b9 startup.o

.debug_abbrev   0x00000000      0x140
 .debug_abbrev  0x00000000       0x69 main.o
 .debug_abbrev  0x00000069       0xd7 startup.o

.debug_loc      0x00000000       0xb4
 .debug_loc     0x00000000       0x38 main.o
 .debug_loc     0x00000038       0x7c startup.o

.debug_aranges  0x00000000       0x40
 .debug_aranges
                0x00000000       0x20 main.o
 .debug_aranges
                0x00000020       0x20 startup.o

.debug_line     0x00000000      0x179
 .debug_line    0x00000000       0x63 main.o
 .debug_line    0x00000063      0x116 startup.o

.debug_str      0x00000000      0x1bf
 .debug_str     0x00000000       0xbe main.o
                                 0xd0 (size before relaxing)
 .debug_str     0x000000be      0x101 startup.o
                                0x1e4 (size before relaxing)

.comment        0x00000000       0x7e
 .comment       0x00000000       0x7e main.o
                                 0x7f (size before relaxing)
 .comment       0x0000007e       0x7f startup.o

.ARM.attributes
                0x00000000       0x33
 .ARM.attributes
                0x00000000       0x33 main.o
 .ARM.attributes
                0x00000033       0x33 startup.o

.debug_frame    0x00000000       0x7c
 .debug_frame   0x00000000       0x2c main.o
 .debug_frame   0x0000002c       0x50 startup.o
