
Memory Configuration

Name             Origin             Length             Attributes
FLASH            0x08000000         0x00020000         xr
SRAM             0x20000000         0x00005000         xrw
*default*        0x00000000         0xffffffff

Linker script and memory map


.text           0x08000000      0x17c
 *(.vectors*)
 .vectors       0x08000000       0x1c startup.o
                0x08000000                Vectors
 *(.text*)
 .text          0x0800001c       0xa4 main.o
                0x0800001c                main
 .text          0x080000c0       0xbc startup.o
                0x080000c0                Bus_fault
                0x080000c0                MM_fault_Handler
                0x080000c0                Usage_fault_Handler
                0x080000c0                H_fault_Handler
                0x080000c0                Default_Handler
                0x080000c0                NMI_Handler
                0x080000cc                Reset_Handler
 *(.rodata*)
                0x0800017c                . = ALIGN (0x4)
                0x0800017c                _E_TEXT = .

.glue_7         0x0800017c        0x0
 .glue_7        0x00000000        0x0 linker stubs

.glue_7t        0x0800017c        0x0
 .glue_7t       0x00000000        0x0 linker stubs

.vfp11_veneer   0x0800017c        0x0
 .vfp11_veneer  0x00000000        0x0 linker stubs

.v4_bx          0x0800017c        0x0
 .v4_bx         0x00000000        0x0 linker stubs

.iplt           0x0800017c        0x0
 .iplt          0x00000000        0x0 main.o

.rel.dyn        0x0800017c        0x0
 .rel.iplt      0x00000000        0x0 main.o

.data           0x20000000        0x4 load address 0x0800017c
                0x20000000                _S_DATA = .
 *(.data*)
 .data          0x20000000        0x4 main.o
                0x20000000                R_ODR
 .data          0x20000004        0x0 startup.o
                0x20000004                . = ALIGN (0x4)
                0x20000004                _E_DATA = .

.igot.plt       0x20000004        0x0 load address 0x08000180
 .igot.plt      0x00000000        0x0 main.o

.bss            0x20000004        0x0 load address 0x08000180
                0x20000004                _S_BSS = .
 *(.bss*)
 .bss           0x20000004        0x0 main.o
 .bss           0x20000004        0x0 startup.o
                0x20000004                . = ALIGN (0x4)
                0x20000004                _E_BSS = .
                0x20002004                . = (. + 0x2000)
                0x20002004                stack_top = .
LOAD main.o
LOAD startup.o
OUTPUT(learn-in-depth-cortex-m3.elf elf32-littlearm)

.debug_info     0x00000000      0x298
 .debug_info    0x00000000      0x124 main.o
 .debug_info    0x00000124      0x174 startup.o

.debug_abbrev   0x00000000      0x190
 .debug_abbrev  0x00000000       0xcc main.o
 .debug_abbrev  0x000000cc       0xc4 startup.o

.debug_loc      0x00000000       0x9c
 .debug_loc     0x00000000       0x38 main.o
 .debug_loc     0x00000038       0x64 startup.o

.debug_aranges  0x00000000       0x40
 .debug_aranges
                0x00000000       0x20 main.o
 .debug_aranges
                0x00000020       0x20 startup.o

.debug_line     0x00000000      0x148
 .debug_line    0x00000000       0x9c main.o
 .debug_line    0x0000009c       0xac startup.o

.debug_str      0x00000000      0x159
 .debug_str     0x00000000       0xc9 main.o
                                0x106 (size before relaxing)
 .debug_str     0x000000c9       0x90 startup.o
                                0x159 (size before relaxing)

.comment        0x00000000       0x11
 .comment       0x00000000       0x11 main.o
                                 0x12 (size before relaxing)
 .comment       0x00000000       0x12 startup.o

.ARM.attributes
                0x00000000       0x33
 .ARM.attributes
                0x00000000       0x33 main.o
 .ARM.attributes
                0x00000033       0x33 startup.o

.debug_frame    0x00000000       0x78
 .debug_frame   0x00000000       0x2c main.o
 .debug_frame   0x0000002c       0x4c startup.o
